data/runs/ea5c4ae8-a7cc-4e85-a7f5-45423835ff69/panel.csv
t,firm_id,price,cost,quantity,profit
0,2,3.0,1.0,2500.0,5000.0
1,2,3.0326752777764088,1.0326752777764088,2520.0675082073076,5040.135016414615
2,2,3.0905709288208927,1.0905709288208927,2551.9703662337433,5103.940732467487
3,2,3.128187818440219,1.1281878184402194,2440.674762196579,4881.3495243931575
4,2,3.149313263245297,1.149313263245297,2458.5617914552686,4917.123582910537
5,2,3.220231310725743,1.2202313107257432,2385.7919029431887,4771.5838058863765
6,2,3.2464642106930537,1.2464642106930535,2321.8594052907847,4643.718810581569
7,2,3.3186676529589736,1.3186676529589738,2317.4008991289147,4634.8017982578285
8,2,3.379238965754307,1.3792389657543072,2208.921713274979,4417.843426549958
9,2,3.2952939769208074,1.2952939769208074,2203.973163878707,4407.946327757414
10,2,3.2888456881381183,1.2888456881381183,2220.8981163000394,4441.796232600079
11,2,3.279451198089186,1.279451198089186,2217.261104103594,4434.522208207187
12,2,3.4931341814821932,1.493134181482193,2007.445273368321,4014.890546736642
13,2,3.51886260209724,1.5188626020972398,2050.293273580003,4100.586547160006
14,2,3.43318904238418,1.4331890423841804,2184.294779533597,4368.5895590671935
15,2,3.6047747105885053,1.604774710588505,2072.337881501761,4144.675763003522
16,2,3.4892062264714134,1.4892062264714134,2185.3236821622436,4370.647364324487
17,2,3.4014683458173565,1.4014683458173567,2263.976332164625,4527.952664329249
18,2,3.3876573839840276,1.3876573839840278,2300.4062146328106,4600.81242926562
19,2,3.415419251070487,1.415419251070487,2242.533209392165,4485.06641878433
20,2,3.3544804314278114,1.3544804314278114,2175.702548589757,4351.405097179514
21,2,3.4501455816162876,1.4501455816162876,2240.6964414506533,4481.392882901307
22,2,3.456853892540794,1.4568538925407941,2121.605236530576,4243.210473061151
23,2,3.5867234187902426,1.5867234187902428,1940.8331509517686,3881.666301903537
24,2,3.5573046397140304,1.5573046397140302,1885.7509797671864,3771.501959534373
25,2,3.4786915884567096,1.4786915884567093,1907.4591147814044,3814.918229562809
26,2,3.5827694507862984,1.5827694507862984,1845.5596226976882,3691.1192453953763
27,2,3.690157004145191,1.6901570041451912,1844.0987764979466,3688.1975529958927
28,2,3.584960809852074,1.5849608098520742,1865.8671742116455,3731.7343484232906
29,2,3.514782645595246,1.514782645595246,1895.371072160494,3790.742144320988
30,2,3.447183070362062,1.447183070362062,1958.2835782937664,3916.5671565875323
31,2,3.335989605419111,1.3359896054191107,2106.422182561997,4212.844365123994
32,2,3.5571275513503986,1.5571275513503988,2031.2652459314124,4062.5304918628244
33,2,3.589705268586245,1.5897052685862454,1979.228225794696,3958.4564515893917
34,2,3.5844297820252407,1.5844297820252407,1919.9967927363405,3839.993585472681
35,2,3.46350148140015,1.4635014814001501,2106.123582660046,4212.247165320091
36,2,3.263991980737642,1.263991980737642,2173.2725049439964,4346.545009887993
37,2,3.1837540289794193,1.1837540289794193,2129.357960209649,4258.715920419298
38,2,3.145012724090095,1.1450127240900951,2240.6891125312013,4481.378225062402
39,2,3.107554169999385,1.1075541699993852,2173.0706163779696,4346.141232755939
40,2,3.23428279543257,1.2342827954325697,2171.347547013466,4342.695094026932
41,2,3.2797934012569137,1.2797934012569134,2210.5982669428754,4421.196533885751
42,2,3.292244413370965,1.2922444133709654,2113.153152312208,4226.306304624415
43,2,3.259246547295337,1.2592465472953374,2218.1338383173047,4436.2676766346085
44,2,3.2584881428606867,1.2584881428606864,2296.989675172241,4593.979350344482
45,2,3.604823796999801,1.604823796999801,1946.5211153065231,3893.0422306130463
46,2,3.5166918427686973,1.5166918427686975,1954.7148093169726,3909.4296186339448
47,2,3.6486162480480298,1.6486162480480295,1963.6322022760062,3927.2644045520124
48,2,3.8136386864028866,1.8136386864028864,1956.8317250457283,3913.6634500914565
49,2,3.960188497892657,1.960188497892657,1816.1700143704593,3632.3400287409186
50,2,3.8526548942881913,1.8526548942881915,1870.557371717162,3741.1147434343234
51,2,3.742232678668659,1.742232678668659,1848.5548767552252,3697.1097535104504
52,2,3.9136440196490487,1.9136440196490487,1654.6215072206403,3309.2430144412806
53,2,3.979588131025645,1.979588131025645,1585.0981249481877,3170.1962498963753
54,2,4.017091043884718,2.017091043884718,1546.6360140765787,3093.2720281531574
55,2,3.9906122025687996,1.9906122025687993,1579.075978437326,3158.151956874652
56,2,3.964632574505886,1.964632574505886,1642.4165381058403,3284.8330762116807
57,2,3.931043613986441,1.931043613986441,1686.9069963668096,3373.813992733619
58,2,3.798349465012597,1.7983494650125968,1814.159070515443,3628.318141030886
59,2,4.102226836943577,2.1022268369435766,1622.1386935629353,3244.2773871258705
60,2,4.185470254709788,2.1854702547097875,1576.7973910794544,3153.5947821589098
61,2,4.214392013773969,2.214392013773969,1655.8733239090557,3311.7466478181104
62,2,4.22227507786012,2.22227507786012,1719.234727101598,3438.469454203196
63,2,3.9645263089679346,1.9645263089679346,1818.1429819572575,3636.285963914515
64,2,3.981432669680358,1.9814326696803581,1770.0814806599346,3540.1629613198693
65,2,3.895022067141608,1.8950220671416078,1818.9498525378058,3637.8997050756116
66,2,3.666902654832742,1.6669026548327424,1929.8716761608043,3859.743352321608
67,2,3.60195527244917,1.60195527244917,2072.5750998165545,4145.150199633109
68,2,3.635692368258222,1.6356923682582216,2075.7969714378037,4151.593942875607
69,2,3.639630819404453,1.639630819404453,1994.2534769750912,3988.5069539501824
70,2,3.8032839341129048,1.803283934112905,1793.99607785541,3587.9921557108196
71,2,3.8028838664260833,1.8028838664260831,1793.063287068739,3586.126574137478
72,2,3.930509901521834,1.9305099015218339,1721.8944501627484,3443.788900325497
73,2,3.9086199194512075,1.9086199194512077,1623.4714239997004,3246.9428479994003
74,2,4.0033807137424535,2.0033807137424535,1660.0537205669734,3320.107441133947
75,2,4.02583514371691,2.02583514371691,1600.2450145220294,3200.4900290440587
76,2,4.10258471992354,2.1025847199235392,1610.1573243000594,3220.3146486001197
77,2,4.018316800942271,2.018316800942271,1687.7363691325354,3375.472738265071
78,2,4.011149148595953,2.011149148595953,1666.3739512351674,3332.747902470335
79,2,4.11379654260219,2.1137965426021896,1578.2083997325562,3156.4167994651125
80,2,4.249272666123447,2.2492726661234466,1462.1025479807547,2924.2050959615094
81,2,4.168169471551563,2.168169471551563,1529.1929397278595,3058.385879455719
82,2,4.004389208178534,2.0043892081785337,1703.0345403262106,3406.0690806524212
83,2,3.925456713081056,1.925456713081056,1820.8743890965698,3641.7487781931395
84,2,3.7425034885951134,1.7425034885951134,1988.7169938921672,3977.4339877843345
85,2,3.8059781684818432,1.8059781684818434,1896.3382303726537,3792.676460745307
86,2,3.7003778907350067,1.7003778907350067,1975.2763206000568,3950.5526412001136
87,2,3.588041316652326,1.5880413166523264,2132.2633083508235,4264.526616701646
88,2,3.6197282383515255,1.6197282383515255,2054.244347741274,4108.488695482548
89,2,3.5786370734060924,1.5786370734060926,2108.009710370677,4216.019420741353
90,2,3.5676471400546164,1.5676471400546164,2098.7634881646104,4197.526976329221
91,2,3.566255797091262,1.5662557970912618,2051.9763359458825,4103.952671891765
92,2,3.5764259007825805,1.5764259007825805,2104.6972409300383,4209.394481860077
93,2,3.643592327959483,1.643592327959483,2110.744536039621,4221.489072079242
94,2,3.5021174681582323,1.5021174681582325,2330.708700069232,4661.417400138463
95,2,3.5143120320127026,1.5143120320127026,2203.4634946407155,4406.926989281431
96,2,3.6952470817146876,1.6952470817146876,2024.843116391529,4049.686232783058
97,2,3.9350287150465775,1.9350287150465773,1677.9314845562162,3355.8629691124324
98,2,3.8201656501325507,1.820165650132551,1769.7043321657482,3539.408664331496
99,2,3.900353644709353,1.900353644709353,1768.039268192407,3536.078536384814
